
> standard-wallpaper@0.0.0 build
> vite build

sh: line 1: vite: command not found
